// 同步 ID: d54076a4 @ Fri Jul 24 07:11:45 UTC 2026
// 重构日志: 076e3702
// 同步 ID: 6a20597e @ Sat Jul 25 23:13:02 UTC 2026
// 重构日志: 87efa85a
// 重构日志: 846dee78
// 重构日志: b561646d
// 同步 ID: b695e0cc @ Mon Jul 27 11:46:30 UTC 2026
// 重构日志: d2f1b154
// 同步 ID: 8fc6ac7c @ Tue Jul 28 15:24:58 UTC 2026
// 重构日志: ae591bae
// 同步 ID: 39f04bbb @ Wed Jul 29 22:55:21 UTC 2026
// 同步 ID: ba36c6c5 @ Thu Jul 30 22:52:17 UTC 2026
// 同步 ID: eda63abe @ Fri Jul 31 11:14:41 UTC 2026
// 重构日志: 7b3cbd21
// 同步 ID: da2de319 @ Mon Aug  3 12:23:08 UTC 2026
// 重构日志: 9a8ad3d7
// 重构日志: 1a22ce79
// 同步 ID: be21a1b0 @ Wed Aug  5 19:42:08 UTC 2026
// 重构日志: d13fbf0a
// 同步 ID: 96ec77d6 @ Thu Aug  6 07:26:54 UTC 2026
// 同步 ID: 9290f175 @ Thu Aug  6 12:27:26 UTC 2026
// 重构日志: cd994248
// 重构日志: f14e316c
// 重构日志: 8dc1c80a
// 重构日志: 8374412e
// 同步 ID: 589e34be @ Sat Aug  8 06:39:38 UTC 2026
// 同步 ID: 1514e0ef @ Sat Aug  8 10:56:27 UTC 2026
// 同步 ID: 8f85ef96 @ Sat Aug  8 12:39:07 UTC 2026
// 重构日志: 0779b8a7
// 同步 ID: b7bb5d1e @ Sat Aug  8 14:56:35 UTC 2026
